// Jest Snapshot v1, https://goo.gl/fbAQLP

exports[`should render ExpenseList with expenses 1`] = `
<div
  className="content-container"
>
  <div
    className="list-header"
  >
    <div
      className="show-for-mobile"
    >
      Expenses
    </div>
    <div
      className="show-for-desktop"
    >
      Expense
    </div>
    <div
      className="show-for-desktop"
    >
      Amount
    </div>
  </div>
  <div
    className="list-body"
  >
    <Connect(ExpenseListItem)
      amount={35}
      createdAt={0}
      description="food"
      id="1"
      key="1"
      note=""
    />
    <Connect(ExpenseListItem)
      amount={200}
      createdAt={-345600000}
      description="insurance"
      id="2"
      key="2"
      note=""
    />
    <Connect(ExpenseListItem)
      amount={140}
      createdAt={345600000}
      description="gas"
      id="3"
      key="3"
      note=""
    />
  </div>
</div>
`;
