// Jest Snapshot v1, https://goo.gl/fbAQLP

exports[`should render ExpenseListItem with expenses 1`] = `
<div>
  <Link
    to="/edit/1"
  >
    <h3>
      food
    </h3>
  </Link>
  <p>
    $0.35
     - 
    December 31st, 1969
  </p>
</div>
`;
